---
source: crates/parsing/tests/grammar_tests.rs
expression: result
---
Input: ( )
Start { kind: ExportList }
  Token { kind: LeftParenthesis }
  Token { kind: RightParenthesis }
Finish

